#-----------------------------------------------------------
# Vivado v2018.3 (64-bit)
# SW Build 2405991 on Thu Dec  6 23:38:27 MST 2018
# IP Build 2404404 on Fri Dec  7 01:43:56 MST 2018
# Start of session at: Wed May 22 21:39:15 2024
# Process ID: 16132
# Current directory: C:/Users/xie/Desktop/CABLE_SAMPLE/cable_sample_board
# Command line: vivado.exe -gui_launcher_event rodinguilauncherevent16892 C:\Users\xie\Desktop\CABLE_SAMPLE\cable_sample_board\cable_sample_board.xpr
# Log file: C:/Users/xie/Desktop/CABLE_SAMPLE/cable_sample_board/vivado.log
# Journal file: C:/Users/xie/Desktop/CABLE_SAMPLE/cable_sample_board\vivado.jou
#-----------------------------------------------------------
start_gui
open_project C:/Users/xie/Desktop/CABLE_SAMPLE/cable_sample_board/cable_sample_board.xpr
open_hw
update_compile_order -fileset sources_1
connect_hw_server
open_hw_target
set_property PROGRAM.FILE {C:/Users/xie/Desktop/CABLE_SAMPLE/cable_sample_board/cable_sample_board.runs/impl_1/CS_TOP.bit} [get_hw_devices xc7z020_1]
current_hw_device [get_hw_devices xc7z020_1]
refresh_hw_device -update_hw_probes false [lindex [get_hw_devices xc7z020_1] 0]
set_property PROBES.FILE {} [get_hw_devices xc7z020_1]
set_property FULL_PROBES.FILE {} [get_hw_devices xc7z020_1]
set_property PROGRAM.FILE {C:/Users/xie/Desktop/CABLE_SAMPLE/cable_sample_board/cable_sample_board.runs/impl_1/CS_TOP.bit} [get_hw_devices xc7z020_1]
program_hw_devices [get_hw_devices xc7z020_1]
refresh_hw_device [lindex [get_hw_devices xc7z020_1] 0]
